Шоколадный маффин «Хлеб Насущный»;69.0;7
Чизкейк «Хлеб Насущный»;139.0;7
Киш с лососем «Хлеб Насущный»;153.0;7
Сэндвич с лососем «Хлеб насущный»;69.0;7
Сэндвич блю-чиз-индейка «Братья Караваевы»;104.0;7
Трубочка со сгущенкой «Братья Караваевы»;69.0;7
Овсяная каша «Братья Караваевы»;69.0;7
Миндальный круассан «Хлеб Насущный»;90.0;7
Шоколадный маффин «Хлеб Насущный»;69.0;7
Чизкейк «Хлеб Насущный»;139.0;7
Салат Цезарь с куриной грудкой;160.0;7
Салат Нисуаз с тунцом;174.0;7
Котлеты из хека с овощами «Братья Караваевы»;174.0;7
Салат чука «Братья Караваевы»;118.0;7
Постный Оливье с грибами «Хлеб насущный»;118.0;7
Маффин черничный «Хлеб насущный»;97.0;7
Карбонара с беконом;186.0;7
Болоньезе тортильони с фаршем из говядины;151.0;7
Салат чука «Братья Караваевы»;118.0;7
Свёкла с имбирём «Братья Караваевы»;111.0;7
Салат Кобб с имбирным соусом «Братья Караваевы»;186.0;7
Постный Оливье с грибами «Хлеб насущный»;118.0;7
Паштет «Деликатесный» «Хлеб насущный» с фасолью и шпинатом;167.0;7
Тирамису классическое «Хлеб Насущный»;132.0;7
Рис по-балийски с курицей в соусе терияки с ананасом и зелёным луком;186.0;7
Пан-о-Разан Завиток «Хлеб Насущный»;62.0;7
Слойка с сосиской «Хлеб Насущный»;67.0;7
Говядина по-французски «Братья Караваевы»;181.0;7
Мимоза «Братья Караваевы»;139.0;7
Сельдерей с индейкой «Братья Караваевы»;132.0;7